// Jest Snapshot v1, https://goo.gl/fbAQLP

exports[`OcaForm Given valid params should render oca form properly. 1`] = `
<View
  style={
    Object {
      "flex": 1,
      "minWidth": "100%",
    }
  }
>
  <View
    accessible={true}
    focusable={true}
    onClick={[Function]}
    onResponderGrant={[Function]}
    onResponderMove={[Function]}
    onResponderRelease={[Function]}
    onResponderTerminate={[Function]}
    onResponderTerminationRequest={[Function]}
    onStartShouldSetResponder={[Function]}
    style={
      Object {
        "flexDirection": "row",
        "justifyContent": "flex-end",
        "opacity": 1,
        "paddingHorizontal": 25,
        "paddingVertical": 20,
      }
    }
    testID="reset.shown"
  >
    <Text>
      Hide All
    </Text>
  </View>
  <View
    style={
      Array [
        Object {
          "backgroundColor": "transparent",
          "paddingHorizontal": 25,
          "paddingTop": 16,
          "width": "100%",
        },
        undefined,
      ]
    }
  >
    <View>
      <Text
        numberOfLines={1}
        style={
          Array [
            Object {
              "color": "#333",
              "fontSize": 14,
              "fontWeight": "bold",
            },
            undefined,
          ]
        }
      >
        Date of birth
      </Text>
    </View>
    <View
      style={
        Object {
          "flexDirection": "row",
          "justifyContent": "space-between",
          "maxWidth": "100%",
          "paddingTop": 10,
        }
      }
    >
      <View
        style={
          Object {
            "color": "#333",
            "paddingVertical": 4,
          }
        }
      >
        <Text
          numberOfLines={200}
          style={
            Array [
              Object {
                "color": "#333",
                "fontSize": 18,
                "fontWeight": "normal",
              },
              undefined,
            ]
          }
        >
          ••••••••••
        </Text>
      </View>
      <View>
        <View
          accessible={true}
          focusable={true}
          onClick={[Function]}
          onResponderGrant={[Function]}
          onResponderMove={[Function]}
          onResponderRelease={[Function]}
          onResponderTerminate={[Function]}
          onResponderTerminationRequest={[Function]}
          onStartShouldSetResponder={[Function]}
          style={
            Object {
              "opacity": 1,
            }
          }
          testID="shown.button"
        >
          <View>
            <Text
              style={
                Array [
                  Object {
                    "color": "#333",
                    "fontSize": 18,
                    "fontWeight": "normal",
                  },
                  undefined,
                ]
              }
            >
              Show
            </Text>
          </View>
        </View>
      </View>
    </View>
    <View
      style={
        Array [
          Object {
            "borderBottomColor": "#c9c9c9",
            "borderBottomWidth": 2,
            "paddingTop": 12,
          },
          undefined,
        ]
      }
    />
  </View>
  <View
    style={
      Array [
        Object {
          "backgroundColor": "transparent",
          "paddingHorizontal": 25,
          "paddingTop": 16,
          "width": "100%",
        },
        undefined,
      ]
    }
  >
    <View>
      <Text
        numberOfLines={1}
        style={
          Array [
            Object {
              "color": "#333",
              "fontSize": 14,
              "fontWeight": "bold",
            },
            undefined,
          ]
        }
      >
        Date of expiry
      </Text>
    </View>
    <View
      style={
        Object {
          "flexDirection": "row",
          "justifyContent": "space-between",
          "maxWidth": "100%",
          "paddingTop": 10,
        }
      }
    >
      <View
        style={
          Object {
            "color": "#333",
            "paddingVertical": 4,
          }
        }
      >
        <Text
          numberOfLines={200}
          style={
            Array [
              Object {
                "color": "#333",
                "fontSize": 18,
                "fontWeight": "normal",
              },
              undefined,
            ]
          }
        >
          ••••••••••
        </Text>
      </View>
      <View>
        <View
          accessible={true}
          focusable={true}
          onClick={[Function]}
          onResponderGrant={[Function]}
          onResponderMove={[Function]}
          onResponderRelease={[Function]}
          onResponderTerminate={[Function]}
          onResponderTerminationRequest={[Function]}
          onStartShouldSetResponder={[Function]}
          style={
            Object {
              "opacity": 1,
            }
          }
          testID="shown.button"
        >
          <View>
            <Text
              style={
                Array [
                  Object {
                    "color": "#333",
                    "fontSize": 18,
                    "fontWeight": "normal",
                  },
                  undefined,
                ]
              }
            >
              Show
            </Text>
          </View>
        </View>
      </View>
    </View>
    <View
      style={
        Array [
          Object {
            "borderBottomColor": "#c9c9c9",
            "borderBottomWidth": 2,
            "paddingTop": 12,
          },
          undefined,
        ]
      }
    />
  </View>
  <View
    style={
      Array [
        Object {
          "backgroundColor": "transparent",
          "paddingHorizontal": 25,
          "paddingTop": 16,
          "width": "100%",
        },
        undefined,
      ]
    }
  >
    <View>
      <Text
        numberOfLines={1}
        style={
          Array [
            Object {
              "color": "#333",
              "fontSize": 14,
              "fontWeight": "bold",
            },
            undefined,
          ]
        }
      >
        Date of issue
      </Text>
    </View>
    <View
      style={
        Object {
          "flexDirection": "row",
          "justifyContent": "space-between",
          "maxWidth": "100%",
          "paddingTop": 10,
        }
      }
    >
      <View
        style={
          Object {
            "color": "#333",
            "paddingVertical": 4,
          }
        }
      >
        <Text
          numberOfLines={200}
          style={
            Array [
              Object {
                "color": "#333",
                "fontSize": 18,
                "fontWeight": "normal",
              },
              undefined,
            ]
          }
        >
          ••••••••••
        </Text>
      </View>
      <View>
        <View
          accessible={true}
          focusable={true}
          onClick={[Function]}
          onResponderGrant={[Function]}
          onResponderMove={[Function]}
          onResponderRelease={[Function]}
          onResponderTerminate={[Function]}
          onResponderTerminationRequest={[Function]}
          onStartShouldSetResponder={[Function]}
          style={
            Object {
              "opacity": 1,
            }
          }
          testID="shown.button"
        >
          <View>
            <Text
              style={
                Array [
                  Object {
                    "color": "#333",
                    "fontSize": 18,
                    "fontWeight": "normal",
                  },
                  undefined,
                ]
              }
            >
              Show
            </Text>
          </View>
        </View>
      </View>
    </View>
    <View
      style={
        Array [
          Object {
            "borderBottomColor": "#c9c9c9",
            "borderBottomWidth": 2,
            "paddingTop": 12,
          },
          undefined,
        ]
      }
    />
  </View>
  <View
    style={
      Array [
        Object {
          "backgroundColor": "transparent",
          "paddingHorizontal": 25,
          "paddingTop": 16,
          "width": "100%",
        },
        undefined,
      ]
    }
  >
    <View>
      <Text
        numberOfLines={1}
        style={
          Array [
            Object {
              "color": "#333",
              "fontSize": 14,
              "fontWeight": "bold",
            },
            undefined,
          ]
        }
      >
        Document code
      </Text>
    </View>
    <View
      style={
        Object {
          "flexDirection": "row",
          "justifyContent": "space-between",
          "maxWidth": "100%",
          "paddingTop": 10,
        }
      }
    >
      <View
        style={
          Object {
            "color": "#333",
            "paddingVertical": 4,
          }
        }
      >
        <Text
          numberOfLines={200}
          style={
            Array [
              Object {
                "color": "#333",
                "fontSize": 18,
                "fontWeight": "normal",
              },
              undefined,
            ]
          }
        >
          ••••••••••
        </Text>
      </View>
      <View>
        <View
          accessible={true}
          focusable={true}
          onClick={[Function]}
          onResponderGrant={[Function]}
          onResponderMove={[Function]}
          onResponderRelease={[Function]}
          onResponderTerminate={[Function]}
          onResponderTerminationRequest={[Function]}
          onStartShouldSetResponder={[Function]}
          style={
            Object {
              "opacity": 1,
            }
          }
          testID="shown.button"
        >
          <View>
            <Text
              style={
                Array [
                  Object {
                    "color": "#333",
                    "fontSize": 18,
                    "fontWeight": "normal",
                  },
                  undefined,
                ]
              }
            >
              Show
            </Text>
          </View>
        </View>
      </View>
    </View>
    <View
      style={
        Array [
          Object {
            "borderBottomColor": "#c9c9c9",
            "borderBottomWidth": 2,
            "paddingTop": 12,
          },
          undefined,
        ]
      }
    />
  </View>
  <View
    style={
      Array [
        Object {
          "backgroundColor": "transparent",
          "paddingHorizontal": 25,
          "paddingTop": 16,
          "width": "100%",
        },
        undefined,
      ]
    }
  >
    <View>
      <Text
        numberOfLines={1}
        style={
          Array [
            Object {
              "color": "#333",
              "fontSize": 14,
              "fontWeight": "bold",
            },
            undefined,
          ]
        }
      >
        Passport Number
      </Text>
    </View>
    <View
      style={
        Object {
          "flexDirection": "row",
          "justifyContent": "space-between",
          "maxWidth": "100%",
          "paddingTop": 10,
        }
      }
    >
      <View
        style={
          Object {
            "color": "#333",
            "paddingVertical": 4,
          }
        }
      >
        <Text
          numberOfLines={200}
          style={
            Array [
              Object {
                "color": "#333",
                "fontSize": 18,
                "fontWeight": "normal",
              },
              undefined,
            ]
          }
        >
          ••••••••••
        </Text>
      </View>
      <View>
        <View
          accessible={true}
          focusable={true}
          onClick={[Function]}
          onResponderGrant={[Function]}
          onResponderMove={[Function]}
          onResponderRelease={[Function]}
          onResponderTerminate={[Function]}
          onResponderTerminationRequest={[Function]}
          onStartShouldSetResponder={[Function]}
          style={
            Object {
              "opacity": 1,
            }
          }
          testID="shown.button"
        >
          <View>
            <Text
              style={
                Array [
                  Object {
                    "color": "#333",
                    "fontSize": 18,
                    "fontWeight": "normal",
                  },
                  undefined,
                ]
              }
            >
              Show
            </Text>
          </View>
        </View>
      </View>
    </View>
    <View
      style={
        Array [
          Object {
            "borderBottomColor": "#c9c9c9",
            "borderBottomWidth": 2,
            "paddingTop": 12,
          },
          undefined,
        ]
      }
    />
  </View>
  <View
    style={
      Array [
        Object {
          "backgroundColor": "transparent",
          "paddingHorizontal": 25,
          "paddingTop": 16,
          "width": "100%",
        },
        undefined,
      ]
    }
  >
    <View>
      <Text
        numberOfLines={1}
        style={
          Array [
            Object {
              "color": "#333",
              "fontSize": 14,
              "fontWeight": "bold",
            },
            undefined,
          ]
        }
      >
        Document
      </Text>
    </View>
    <View
      style={
        Object {
          "flexDirection": "row",
          "justifyContent": "space-between",
          "maxWidth": "100%",
          "paddingTop": 10,
        }
      }
    >
      <View
        style={
          Object {
            "color": "#333",
            "paddingVertical": 4,
          }
        }
      >
        <Text
          numberOfLines={200}
          style={
            Array [
              Object {
                "color": "#333",
                "fontSize": 18,
                "fontWeight": "normal",
              },
              undefined,
            ]
          }
        >
          ••••••••••
        </Text>
      </View>
      <View>
        <View
          accessible={true}
          focusable={true}
          onClick={[Function]}
          onResponderGrant={[Function]}
          onResponderMove={[Function]}
          onResponderRelease={[Function]}
          onResponderTerminate={[Function]}
          onResponderTerminationRequest={[Function]}
          onStartShouldSetResponder={[Function]}
          style={
            Object {
              "opacity": 1,
            }
          }
          testID="shown.button"
        >
          <View>
            <Text
              style={
                Array [
                  Object {
                    "color": "#333",
                    "fontSize": 18,
                    "fontWeight": "normal",
                  },
                  undefined,
                ]
              }
            >
              Show
            </Text>
          </View>
        </View>
      </View>
    </View>
    <View
      style={
        Array [
          Object {
            "borderBottomColor": "#c9c9c9",
            "borderBottomWidth": 2,
            "paddingTop": 12,
          },
          undefined,
        ]
      }
    />
  </View>
  <View
    style={
      Array [
        Object {
          "backgroundColor": "transparent",
          "paddingHorizontal": 25,
          "paddingTop": 16,
          "width": "100%",
        },
        undefined,
      ]
    }
  >
    <View>
      <Text
        numberOfLines={1}
        style={
          Array [
            Object {
              "color": "#333",
              "fontSize": 14,
              "fontWeight": "bold",
            },
            undefined,
          ]
        }
      >
        Name
      </Text>
    </View>
    <View
      style={
        Object {
          "flexDirection": "row",
          "justifyContent": "space-between",
          "maxWidth": "100%",
          "paddingTop": 10,
        }
      }
    >
      <View
        style={
          Object {
            "color": "#333",
            "paddingVertical": 4,
          }
        }
      >
        <Text
          numberOfLines={200}
          style={
            Array [
              Object {
                "color": "#333",
                "fontSize": 18,
                "fontWeight": "normal",
              },
              undefined,
            ]
          }
        >
          ••••••••••
        </Text>
      </View>
      <View>
        <View
          accessible={true}
          focusable={true}
          onClick={[Function]}
          onResponderGrant={[Function]}
          onResponderMove={[Function]}
          onResponderRelease={[Function]}
          onResponderTerminate={[Function]}
          onResponderTerminationRequest={[Function]}
          onStartShouldSetResponder={[Function]}
          style={
            Object {
              "opacity": 1,
            }
          }
          testID="shown.button"
        >
          <View>
            <Text
              style={
                Array [
                  Object {
                    "color": "#333",
                    "fontSize": 18,
                    "fontWeight": "normal",
                  },
                  undefined,
                ]
              }
            >
              Show
            </Text>
          </View>
        </View>
      </View>
    </View>
    <View
      style={
        Array [
          Object {
            "borderBottomColor": "#c9c9c9",
            "borderBottomWidth": 2,
            "paddingTop": 12,
          },
          undefined,
        ]
      }
    />
  </View>
  <View
    style={
      Array [
        Object {
          "backgroundColor": "transparent",
          "paddingHorizontal": 25,
          "paddingTop": 16,
          "width": "100%",
        },
        undefined,
      ]
    }
  >
    <View>
      <Text
        numberOfLines={1}
        style={
          Array [
            Object {
              "color": "#333",
              "fontSize": 14,
              "fontWeight": "bold",
            },
            undefined,
          ]
        }
      >
        Authority or issuing organization
      </Text>
    </View>
    <View
      style={
        Object {
          "flexDirection": "row",
          "justifyContent": "space-between",
          "maxWidth": "100%",
          "paddingTop": 10,
        }
      }
    >
      <View
        style={
          Object {
            "color": "#333",
            "paddingVertical": 4,
          }
        }
      >
        <Text
          numberOfLines={200}
          style={
            Array [
              Object {
                "color": "#333",
                "fontSize": 18,
                "fontWeight": "normal",
              },
              undefined,
            ]
          }
        >
          ••••••••••
        </Text>
      </View>
      <View>
        <View
          accessible={true}
          focusable={true}
          onClick={[Function]}
          onResponderGrant={[Function]}
          onResponderMove={[Function]}
          onResponderRelease={[Function]}
          onResponderTerminate={[Function]}
          onResponderTerminationRequest={[Function]}
          onStartShouldSetResponder={[Function]}
          style={
            Object {
              "opacity": 1,
            }
          }
          testID="shown.button"
        >
          <View>
            <Text
              style={
                Array [
                  Object {
                    "color": "#333",
                    "fontSize": 18,
                    "fontWeight": "normal",
                  },
                  undefined,
                ]
              }
            >
              Show
            </Text>
          </View>
        </View>
      </View>
    </View>
    <View
      style={
        Array [
          Object {
            "borderBottomColor": "#c9c9c9",
            "borderBottomWidth": 2,
            "paddingTop": 12,
          },
          undefined,
        ]
      }
    />
  </View>
  <View
    style={
      Array [
        Object {
          "backgroundColor": "transparent",
          "paddingHorizontal": 25,
          "paddingTop": 16,
          "width": "100%",
        },
        undefined,
      ]
    }
  >
    <View>
      <Text
        numberOfLines={1}
        style={
          Array [
            Object {
              "color": "#333",
              "fontSize": 14,
              "fontWeight": "bold",
            },
            undefined,
          ]
        }
      >
        Issuing State or organization (in full)
      </Text>
    </View>
    <View
      style={
        Object {
          "flexDirection": "row",
          "justifyContent": "space-between",
          "maxWidth": "100%",
          "paddingTop": 10,
        }
      }
    >
      <View
        style={
          Object {
            "color": "#333",
            "paddingVertical": 4,
          }
        }
      >
        <Text
          numberOfLines={200}
          style={
            Array [
              Object {
                "color": "#333",
                "fontSize": 18,
                "fontWeight": "normal",
              },
              undefined,
            ]
          }
        >
          ••••••••••
        </Text>
      </View>
      <View>
        <View
          accessible={true}
          focusable={true}
          onClick={[Function]}
          onResponderGrant={[Function]}
          onResponderMove={[Function]}
          onResponderRelease={[Function]}
          onResponderTerminate={[Function]}
          onResponderTerminationRequest={[Function]}
          onStartShouldSetResponder={[Function]}
          style={
            Object {
              "opacity": 1,
            }
          }
          testID="shown.button"
        >
          <View>
            <Text
              style={
                Array [
                  Object {
                    "color": "#333",
                    "fontSize": 18,
                    "fontWeight": "normal",
                  },
                  undefined,
                ]
              }
            >
              Show
            </Text>
          </View>
        </View>
      </View>
    </View>
    <View
      style={
        Array [
          Object {
            "borderBottomColor": "#c9c9c9",
            "borderBottomWidth": 2,
            "paddingTop": 12,
          },
          undefined,
        ]
      }
    />
  </View>
  <View
    style={
      Array [
        Object {
          "backgroundColor": "transparent",
          "paddingHorizontal": 25,
          "paddingTop": 16,
          "width": "100%",
        },
        undefined,
      ]
    }
  >
    <View>
      <Text
        numberOfLines={1}
        style={
          Array [
            Object {
              "color": "#333",
              "fontSize": 14,
              "fontWeight": "bold",
            },
            undefined,
          ]
        }
      >
        Issuing State or organization (in code)
      </Text>
    </View>
    <View
      style={
        Object {
          "flexDirection": "row",
          "justifyContent": "space-between",
          "maxWidth": "100%",
          "paddingTop": 10,
        }
      }
    >
      <View
        style={
          Object {
            "color": "#333",
            "paddingVertical": 4,
          }
        }
      >
        <Text
          numberOfLines={200}
          style={
            Array [
              Object {
                "color": "#333",
                "fontSize": 18,
                "fontWeight": "normal",
              },
              undefined,
            ]
          }
        >
          ••••••••••
        </Text>
      </View>
      <View>
        <View
          accessible={true}
          focusable={true}
          onClick={[Function]}
          onResponderGrant={[Function]}
          onResponderMove={[Function]}
          onResponderRelease={[Function]}
          onResponderTerminate={[Function]}
          onResponderTerminationRequest={[Function]}
          onStartShouldSetResponder={[Function]}
          style={
            Object {
              "opacity": 1,
            }
          }
          testID="shown.button"
        >
          <View>
            <Text
              style={
                Array [
                  Object {
                    "color": "#333",
                    "fontSize": 18,
                    "fontWeight": "normal",
                  },
                  undefined,
                ]
              }
            >
              Show
            </Text>
          </View>
        </View>
      </View>
    </View>
    <View
      style={
        Array [
          Object {
            "borderBottomColor": "#c9c9c9",
            "borderBottomWidth": 2,
            "paddingTop": 12,
          },
          undefined,
        ]
      }
    />
  </View>
  <View
    style={
      Array [
        Object {
          "backgroundColor": "transparent",
          "paddingHorizontal": 25,
          "paddingTop": 16,
          "width": "100%",
        },
        undefined,
      ]
    }
  >
    <View>
      <Text
        numberOfLines={1}
        style={
          Array [
            Object {
              "color": "#333",
              "fontSize": 14,
              "fontWeight": "bold",
            },
            undefined,
          ]
        }
      >
        Nationality
      </Text>
    </View>
    <View
      style={
        Object {
          "flexDirection": "row",
          "justifyContent": "space-between",
          "maxWidth": "100%",
          "paddingTop": 10,
        }
      }
    >
      <View
        style={
          Object {
            "color": "#333",
            "paddingVertical": 4,
          }
        }
      >
        <Text
          numberOfLines={200}
          style={
            Array [
              Object {
                "color": "#333",
                "fontSize": 18,
                "fontWeight": "normal",
              },
              undefined,
            ]
          }
        >
          ••••••••••
        </Text>
      </View>
      <View>
        <View
          accessible={true}
          focusable={true}
          onClick={[Function]}
          onResponderGrant={[Function]}
          onResponderMove={[Function]}
          onResponderRelease={[Function]}
          onResponderTerminate={[Function]}
          onResponderTerminationRequest={[Function]}
          onStartShouldSetResponder={[Function]}
          style={
            Object {
              "opacity": 1,
            }
          }
          testID="shown.button"
        >
          <View>
            <Text
              style={
                Array [
                  Object {
                    "color": "#333",
                    "fontSize": 18,
                    "fontWeight": "normal",
                  },
                  undefined,
                ]
              }
            >
              Show
            </Text>
          </View>
        </View>
      </View>
    </View>
    <View
      style={
        Array [
          Object {
            "borderBottomColor": "#c9c9c9",
            "borderBottomWidth": 2,
            "paddingTop": 12,
          },
          undefined,
        ]
      }
    />
  </View>
  <View
    style={
      Array [
        Object {
          "backgroundColor": "transparent",
          "paddingHorizontal": 25,
          "paddingTop": 16,
          "width": "100%",
        },
        undefined,
      ]
    }
  >
    <View>
      <Text
        numberOfLines={1}
        style={
          Array [
            Object {
              "color": "#333",
              "fontSize": 14,
              "fontWeight": "bold",
            },
            undefined,
          ]
        }
      >
        Optional data elements
      </Text>
    </View>
    <View
      style={
        Object {
          "flexDirection": "row",
          "justifyContent": "space-between",
          "maxWidth": "100%",
          "paddingTop": 10,
        }
      }
    >
      <View
        style={
          Object {
            "color": "#333",
            "paddingVertical": 4,
          }
        }
      >
        <Text
          numberOfLines={200}
          style={
            Array [
              Object {
                "color": "#333",
                "fontSize": 18,
                "fontWeight": "normal",
              },
              undefined,
            ]
          }
        >
          ••••••••••
        </Text>
      </View>
      <View>
        <View
          accessible={true}
          focusable={true}
          onClick={[Function]}
          onResponderGrant={[Function]}
          onResponderMove={[Function]}
          onResponderRelease={[Function]}
          onResponderTerminate={[Function]}
          onResponderTerminationRequest={[Function]}
          onStartShouldSetResponder={[Function]}
          style={
            Object {
              "opacity": 1,
            }
          }
          testID="shown.button"
        >
          <View>
            <Text
              style={
                Array [
                  Object {
                    "color": "#333",
                    "fontSize": 18,
                    "fontWeight": "normal",
                  },
                  undefined,
                ]
              }
            >
              Show
            </Text>
          </View>
        </View>
      </View>
    </View>
    <View
      style={
        Array [
          Object {
            "borderBottomColor": "#c9c9c9",
            "borderBottomWidth": 2,
            "paddingTop": 12,
          },
          undefined,
        ]
      }
    />
  </View>
  <View
    style={
      Array [
        Object {
          "backgroundColor": "transparent",
          "paddingHorizontal": 25,
          "paddingTop": 16,
          "width": "100%",
        },
        undefined,
      ]
    }
  >
    <View>
      <Text
        numberOfLines={1}
        style={
          Array [
            Object {
              "color": "#333",
              "fontSize": 14,
              "fontWeight": "bold",
            },
            undefined,
          ]
        }
      >
        Optional document data elements
      </Text>
    </View>
    <View
      style={
        Object {
          "flexDirection": "row",
          "justifyContent": "space-between",
          "maxWidth": "100%",
          "paddingTop": 10,
        }
      }
    >
      <View
        style={
          Object {
            "color": "#333",
            "paddingVertical": 4,
          }
        }
      >
        <Text
          numberOfLines={200}
          style={
            Array [
              Object {
                "color": "#333",
                "fontSize": 18,
                "fontWeight": "normal",
              },
              undefined,
            ]
          }
        >
          ••••••••••
        </Text>
      </View>
      <View>
        <View
          accessible={true}
          focusable={true}
          onClick={[Function]}
          onResponderGrant={[Function]}
          onResponderMove={[Function]}
          onResponderRelease={[Function]}
          onResponderTerminate={[Function]}
          onResponderTerminationRequest={[Function]}
          onStartShouldSetResponder={[Function]}
          style={
            Object {
              "opacity": 1,
            }
          }
          testID="shown.button"
        >
          <View>
            <Text
              style={
                Array [
                  Object {
                    "color": "#333",
                    "fontSize": 18,
                    "fontWeight": "normal",
                  },
                  undefined,
                ]
              }
            >
              Show
            </Text>
          </View>
        </View>
      </View>
    </View>
    <View
      style={
        Array [
          Object {
            "borderBottomColor": "#c9c9c9",
            "borderBottomWidth": 2,
            "paddingTop": 12,
          },
          undefined,
        ]
      }
    />
  </View>
  <View
    style={
      Array [
        Object {
          "backgroundColor": "transparent",
          "paddingHorizontal": 25,
          "paddingTop": 16,
          "width": "100%",
        },
        undefined,
      ]
    }
  >
    <View>
      <Text
        numberOfLines={1}
        style={
          Array [
            Object {
              "color": "#333",
              "fontSize": 14,
              "fontWeight": "bold",
            },
            undefined,
          ]
        }
      >
        Optional personal data elements
      </Text>
    </View>
    <View
      style={
        Object {
          "flexDirection": "row",
          "justifyContent": "space-between",
          "maxWidth": "100%",
          "paddingTop": 10,
        }
      }
    >
      <View
        style={
          Object {
            "color": "#333",
            "paddingVertical": 4,
          }
        }
      >
        <Text
          numberOfLines={200}
          style={
            Array [
              Object {
                "color": "#333",
                "fontSize": 18,
                "fontWeight": "normal",
              },
              undefined,
            ]
          }
        >
          ••••••••••
        </Text>
      </View>
      <View>
        <View
          accessible={true}
          focusable={true}
          onClick={[Function]}
          onResponderGrant={[Function]}
          onResponderMove={[Function]}
          onResponderRelease={[Function]}
          onResponderTerminate={[Function]}
          onResponderTerminationRequest={[Function]}
          onStartShouldSetResponder={[Function]}
          style={
            Object {
              "opacity": 1,
            }
          }
          testID="shown.button"
        >
          <View>
            <Text
              style={
                Array [
                  Object {
                    "color": "#333",
                    "fontSize": 18,
                    "fontWeight": "normal",
                  },
                  undefined,
                ]
              }
            >
              Show
            </Text>
          </View>
        </View>
      </View>
    </View>
    <View
      style={
        Array [
          Object {
            "borderBottomColor": "#c9c9c9",
            "borderBottomWidth": 2,
            "paddingTop": 12,
          },
          undefined,
        ]
      }
    />
  </View>
  <View
    style={
      Array [
        Object {
          "backgroundColor": "transparent",
          "paddingHorizontal": 25,
          "paddingTop": 16,
          "width": "100%",
        },
        undefined,
      ]
    }
  >
    <View>
      <Text
        numberOfLines={1}
        style={
          Array [
            Object {
              "color": "#333",
              "fontSize": 14,
              "fontWeight": "bold",
            },
            undefined,
          ]
        }
      >
        Personal number
      </Text>
    </View>
    <View
      style={
        Object {
          "flexDirection": "row",
          "justifyContent": "space-between",
          "maxWidth": "100%",
          "paddingTop": 10,
        }
      }
    >
      <View
        style={
          Object {
            "color": "#333",
            "paddingVertical": 4,
          }
        }
      >
        <Text
          numberOfLines={200}
          style={
            Array [
              Object {
                "color": "#333",
                "fontSize": 18,
                "fontWeight": "normal",
              },
              undefined,
            ]
          }
        >
          ••••••••••
        </Text>
      </View>
      <View>
        <View
          accessible={true}
          focusable={true}
          onClick={[Function]}
          onResponderGrant={[Function]}
          onResponderMove={[Function]}
          onResponderRelease={[Function]}
          onResponderTerminate={[Function]}
          onResponderTerminationRequest={[Function]}
          onStartShouldSetResponder={[Function]}
          style={
            Object {
              "opacity": 1,
            }
          }
          testID="shown.button"
        >
          <View>
            <Text
              style={
                Array [
                  Object {
                    "color": "#333",
                    "fontSize": 18,
                    "fontWeight": "normal",
                  },
                  undefined,
                ]
              }
            >
              Show
            </Text>
          </View>
        </View>
      </View>
    </View>
    <View
      style={
        Array [
          Object {
            "borderBottomColor": "#c9c9c9",
            "borderBottomWidth": 2,
            "paddingTop": 12,
          },
          undefined,
        ]
      }
    />
  </View>
  <View
    style={
      Array [
        Object {
          "backgroundColor": "transparent",
          "paddingHorizontal": 25,
          "paddingTop": 16,
          "width": "100%",
        },
        undefined,
      ]
    }
  >
    <View>
      <Text
        numberOfLines={1}
        style={
          Array [
            Object {
              "color": "#333",
              "fontSize": 14,
              "fontWeight": "bold",
            },
            undefined,
          ]
        }
      >
        Identification feature
      </Text>
    </View>
    <View
      style={
        Object {
          "flexDirection": "row",
          "justifyContent": "space-between",
          "maxWidth": "100%",
          "paddingTop": 10,
        }
      }
    >
      <View
        style={
          Object {
            "color": "#333",
            "paddingVertical": 4,
          }
        }
      >
        <Text
          numberOfLines={200}
          style={
            Array [
              Object {
                "color": "#333",
                "fontSize": 18,
                "fontWeight": "normal",
              },
              undefined,
            ]
          }
        >
          ••••••••••
        </Text>
      </View>
      <View>
        <View
          accessible={true}
          focusable={true}
          onClick={[Function]}
          onResponderGrant={[Function]}
          onResponderMove={[Function]}
          onResponderRelease={[Function]}
          onResponderTerminate={[Function]}
          onResponderTerminationRequest={[Function]}
          onStartShouldSetResponder={[Function]}
          style={
            Object {
              "opacity": 1,
            }
          }
          testID="shown.button"
        >
          <View>
            <Text
              style={
                Array [
                  Object {
                    "color": "#333",
                    "fontSize": 18,
                    "fontWeight": "normal",
                  },
                  undefined,
                ]
              }
            >
              Show
            </Text>
          </View>
        </View>
      </View>
    </View>
    <View
      style={
        Array [
          Object {
            "borderBottomColor": "#c9c9c9",
            "borderBottomWidth": 2,
            "paddingTop": 12,
          },
          undefined,
        ]
      }
    />
  </View>
  <View
    style={
      Array [
        Object {
          "backgroundColor": "transparent",
          "paddingHorizontal": 25,
          "paddingTop": 16,
          "width": "100%",
        },
        undefined,
      ]
    }
  >
    <View>
      <Text
        numberOfLines={1}
        style={
          Array [
            Object {
              "color": "#333",
              "fontSize": 14,
              "fontWeight": "bold",
            },
            undefined,
          ]
        }
      >
        Place of birth
      </Text>
    </View>
    <View
      style={
        Object {
          "flexDirection": "row",
          "justifyContent": "space-between",
          "maxWidth": "100%",
          "paddingTop": 10,
        }
      }
    >
      <View
        style={
          Object {
            "color": "#333",
            "paddingVertical": 4,
          }
        }
      >
        <Text
          numberOfLines={200}
          style={
            Array [
              Object {
                "color": "#333",
                "fontSize": 18,
                "fontWeight": "normal",
              },
              undefined,
            ]
          }
        >
          ••••••••••
        </Text>
      </View>
      <View>
        <View
          accessible={true}
          focusable={true}
          onClick={[Function]}
          onResponderGrant={[Function]}
          onResponderMove={[Function]}
          onResponderRelease={[Function]}
          onResponderTerminate={[Function]}
          onResponderTerminationRequest={[Function]}
          onStartShouldSetResponder={[Function]}
          style={
            Object {
              "opacity": 1,
            }
          }
          testID="shown.button"
        >
          <View>
            <Text
              style={
                Array [
                  Object {
                    "color": "#333",
                    "fontSize": 18,
                    "fontWeight": "normal",
                  },
                  undefined,
                ]
              }
            >
              Show
            </Text>
          </View>
        </View>
      </View>
    </View>
    <View
      style={
        Array [
          Object {
            "borderBottomColor": "#c9c9c9",
            "borderBottomWidth": 2,
            "paddingTop": 12,
          },
          undefined,
        ]
      }
    />
  </View>
  <View
    style={
      Array [
        Object {
          "backgroundColor": "transparent",
          "paddingHorizontal": 25,
          "paddingTop": 16,
          "width": "100%",
        },
        undefined,
      ]
    }
  >
    <View>
      <Text
        numberOfLines={1}
        style={
          Array [
            Object {
              "color": "#333",
              "fontSize": 14,
              "fontWeight": "bold",
            },
            undefined,
          ]
        }
      >
        Primary Identifier
      </Text>
    </View>
    <View
      style={
        Object {
          "flexDirection": "row",
          "justifyContent": "space-between",
          "maxWidth": "100%",
          "paddingTop": 10,
        }
      }
    >
      <View
        style={
          Object {
            "color": "#333",
            "paddingVertical": 4,
          }
        }
      >
        <Text
          numberOfLines={200}
          style={
            Array [
              Object {
                "color": "#333",
                "fontSize": 18,
                "fontWeight": "normal",
              },
              undefined,
            ]
          }
        >
          ••••••••••
        </Text>
      </View>
      <View>
        <View
          accessible={true}
          focusable={true}
          onClick={[Function]}
          onResponderGrant={[Function]}
          onResponderMove={[Function]}
          onResponderRelease={[Function]}
          onResponderTerminate={[Function]}
          onResponderTerminationRequest={[Function]}
          onStartShouldSetResponder={[Function]}
          style={
            Object {
              "opacity": 1,
            }
          }
          testID="shown.button"
        >
          <View>
            <Text
              style={
                Array [
                  Object {
                    "color": "#333",
                    "fontSize": 18,
                    "fontWeight": "normal",
                  },
                  undefined,
                ]
              }
            >
              Show
            </Text>
          </View>
        </View>
      </View>
    </View>
    <View
      style={
        Array [
          Object {
            "borderBottomColor": "#c9c9c9",
            "borderBottomWidth": 2,
            "paddingTop": 12,
          },
          undefined,
        ]
      }
    />
  </View>
  <View
    style={
      Array [
        Object {
          "backgroundColor": "transparent",
          "paddingHorizontal": 25,
          "paddingTop": 16,
          "width": "100%",
        },
        undefined,
      ]
    }
  >
    <View>
      <Text
        numberOfLines={1}
        style={
          Array [
            Object {
              "color": "#333",
              "fontSize": 14,
              "fontWeight": "bold",
            },
            undefined,
          ]
        }
      >
        Secondary Identifier
      </Text>
    </View>
    <View
      style={
        Object {
          "flexDirection": "row",
          "justifyContent": "space-between",
          "maxWidth": "100%",
          "paddingTop": 10,
        }
      }
    >
      <View
        style={
          Object {
            "color": "#333",
            "paddingVertical": 4,
          }
        }
      >
        <Text
          numberOfLines={200}
          style={
            Array [
              Object {
                "color": "#333",
                "fontSize": 18,
                "fontWeight": "normal",
              },
              undefined,
            ]
          }
        >
          ••••••••••
        </Text>
      </View>
      <View>
        <View
          accessible={true}
          focusable={true}
          onClick={[Function]}
          onResponderGrant={[Function]}
          onResponderMove={[Function]}
          onResponderRelease={[Function]}
          onResponderTerminate={[Function]}
          onResponderTerminationRequest={[Function]}
          onStartShouldSetResponder={[Function]}
          style={
            Object {
              "opacity": 1,
            }
          }
          testID="shown.button"
        >
          <View>
            <Text
              style={
                Array [
                  Object {
                    "color": "#333",
                    "fontSize": 18,
                    "fontWeight": "normal",
                  },
                  undefined,
                ]
              }
            >
              Show
            </Text>
          </View>
        </View>
      </View>
    </View>
    <View
      style={
        Array [
          Object {
            "borderBottomColor": "#c9c9c9",
            "borderBottomWidth": 2,
            "paddingTop": 12,
          },
          undefined,
        ]
      }
    />
  </View>
  <View
    style={
      Array [
        Object {
          "backgroundColor": "transparent",
          "paddingHorizontal": 25,
          "paddingTop": 16,
          "width": "100%",
        },
        undefined,
      ]
    }
  >
    <View>
      <Text
        numberOfLines={1}
        style={
          Array [
            Object {
              "color": "#333",
              "fontSize": 14,
              "fontWeight": "bold",
            },
            undefined,
          ]
        }
      >
        Sex
      </Text>
    </View>
    <View
      style={
        Object {
          "flexDirection": "row",
          "justifyContent": "space-between",
          "maxWidth": "100%",
          "paddingTop": 10,
        }
      }
    >
      <View
        style={
          Object {
            "color": "#333",
            "paddingVertical": 4,
          }
        }
      >
        <Text
          numberOfLines={200}
          style={
            Array [
              Object {
                "color": "#333",
                "fontSize": 18,
                "fontWeight": "normal",
              },
              undefined,
            ]
          }
        >
          ••••••••••
        </Text>
      </View>
      <View>
        <View
          accessible={true}
          focusable={true}
          onClick={[Function]}
          onResponderGrant={[Function]}
          onResponderMove={[Function]}
          onResponderRelease={[Function]}
          onResponderTerminate={[Function]}
          onResponderTerminationRequest={[Function]}
          onStartShouldSetResponder={[Function]}
          style={
            Object {
              "opacity": 1,
            }
          }
          testID="shown.button"
        >
          <View>
            <Text
              style={
                Array [
                  Object {
                    "color": "#333",
                    "fontSize": 18,
                    "fontWeight": "normal",
                  },
                  undefined,
                ]
              }
            >
              Show
            </Text>
          </View>
        </View>
      </View>
    </View>
    <View
      style={
        Array [
          Object {
            "borderBottomColor": "#c9c9c9",
            "borderBottomWidth": 2,
            "paddingTop": 12,
          },
          undefined,
        ]
      }
    />
  </View>
  <View
    style={
      Array [
        Object {
          "backgroundColor": "transparent",
          "paddingHorizontal": 25,
          "paddingTop": 16,
          "width": "100%",
        },
        undefined,
      ]
    }
  >
    <View>
      <Text
        numberOfLines={1}
        style={
          Array [
            Object {
              "color": "#333",
              "fontSize": 14,
              "fontWeight": "bold",
            },
            undefined,
          ]
        }
      >
        Holder’s signature or usual mark
      </Text>
    </View>
    <View
      style={
        Object {
          "flexDirection": "row",
          "justifyContent": "space-between",
          "maxWidth": "100%",
          "paddingTop": 10,
        }
      }
    >
      <View
        style={
          Object {
            "color": "#333",
            "paddingVertical": 4,
          }
        }
      >
        <Text
          numberOfLines={200}
          style={
            Array [
              Object {
                "color": "#333",
                "fontSize": 18,
                "fontWeight": "normal",
              },
              undefined,
            ]
          }
        >
          ••••••••••
        </Text>
      </View>
      <View>
        <View
          accessible={true}
          focusable={true}
          onClick={[Function]}
          onResponderGrant={[Function]}
          onResponderMove={[Function]}
          onResponderRelease={[Function]}
          onResponderTerminate={[Function]}
          onResponderTerminationRequest={[Function]}
          onStartShouldSetResponder={[Function]}
          style={
            Object {
              "opacity": 1,
            }
          }
          testID="shown.button"
        >
          <View>
            <Text
              style={
                Array [
                  Object {
                    "color": "#333",
                    "fontSize": 18,
                    "fontWeight": "normal",
                  },
                  undefined,
                ]
              }
            >
              Show
            </Text>
          </View>
        </View>
      </View>
    </View>
    <View
      style={
        Array [
          Object {
            "borderBottomColor": "#c9c9c9",
            "borderBottomWidth": 2,
            "paddingTop": 12,
          },
          undefined,
        ]
      }
    />
  </View>
</View>
`;
